main.c:120:5:main	8	static
main.c:208:6:SystemClock_Config	136	static
main.c:266:13:MX_CRC_Init	8	static
main.c:292:13:MX_DMA2D_Init	8	static
main.c:329:13:MX_I2C1_Init	8	static
main.c:375:13:MX_LTDC_Init	64	static
main.c:449:13:MX_USART2_Init	8	static
main.c:479:13:MX_FMC_Init	64	static
main.c:567:13:MX_GPIO_Init	72	static
main.c:612:6:BSP_SDRAM_Initialization_sequence	40	static
main.c:669:13:LCD_init	8	static
main.c:778:13:SPI_WriteComm	24	static
main.c:799:13:SPI_WriteData	24	static
main.c:820:16:Bit_Reversal	24	static
main.c:829:6:HAL_USART_TxCpltCallback	16	static
main.c:842:13:TouchGFX_Task	16	static
main.c:861:6:HAL_TIM_PeriodElapsedCallback	16	static
main.c:878:6:Error_Handler	4	static
